// Jest Snapshot v1, https://goo.gl/fbAQLP

exports[`error-file:///var/home/lommi/Projects/island.is-pipes/libs/dom/src/elements/dialog.spec.tsx 1`] = `
"[31m╔══════════════════════════════════════════════════════════════════════════════╗[39m
[31m║[39m                                                                              [31m║[39m
[31m║[39m                                 [1m[41m[37m[X][39m[49m[22m  [1m[41m[37m  TEST  [39m[49m[22m                                [31m║[39m
[31m║[39m                                                                              [31m║[39m
[31m║[39m                                                                              [31m║[39m
[31m║[39m Lorem ipsum dolor sit amet, consectetur adipiscing elit. Vivamus lacinia     [31m║[39m
[31m║[39m odio vitae vestibulum. Donec in efficitur leo. In hac habitasse platea       [31m║[39m
[31m║[39m dictumst. Proin dolor metus, pharetra in ipsum a, facilisis posuere velit.   [31m║[39m
[31m║[39m Quisque sit amet eros eu urna dignissim pharetra non id libero.              [31m║[39m
[31m║[39m                                                                              [31m║[39m
[31m║[39m Phasellus bibendum, odio nec tincidunt venenatis, velit orci bibendum augue, [31m║[39m
[31m║[39m  a molestie mi est eget tellus. Ut auctor aliquet felis a cursus. Vestibulum [31m║[39m
[31m║[39m  ante ipsum primis in faucibus orci luctus et ultrices posuere cubilia       [31m║[39m
[31m║[39m curae; Sed feugiat, velit nec gravida interdum, enim neque fringilla mi, at  [31m║[39m
[31m║[39m volutpat orci dui at metus. Aenean viverra auctor orci, eu mattis odio       [31m║[39m
[31m║[39m egestas a.                                                                   [31m║[39m
[31m║[39m                                                                              [31m║[39m
[31m║[39m Maecenas eleifend, sem eu lacinia cursus, orci risus semper urna, in feugiat [31m║[39m
[31m║[39m  metus nulla ac est. Duis eget risus in nunc sollicitudin facilisis at nec   [31m║[39m
[31m║[39m magna. Nam vel tincidunt mauris. Pellentesque habitant morbi tristique       [31m║[39m
[31m║[39m senectus et netus et malesuada fames ac turpis egestas. Vivamus convallis,   [31m║[39m
[31m║[39m diam ac porta tempus, justo libero aliquet augue, a eleifend libero elit eu  [31m║[39m
[31m║[39m nisi.                                                                        [31m║[39m
[31m║[39m                                                                              [31m║[39m
[31m╚══════════════════════════════════════════════════════════════════════════════╝[39m"
`;

exports[`multiple lines-file:///var/home/lommi/Projects/island.is-pipes/libs/dom/src/elements/dialog.spec.tsx 1`] = `
"[34m╔══════════════════════════════════════════════════════════════════════════════╗[39m
[34m║[39m                                                                              [34m║[39m
[34m║[39m                                 [1m[44m[37m[*][39m[49m[22m  [1m[44m[37m  TEST  [39m[49m[22m                                [34m║[39m
[34m║[39m                                                                              [34m║[39m
[34m║[39m                                                                              [34m║[39m
[34m║[39m Lorem ipsum dolor sit amet, consectetur adipiscing elit. Vivamus lacinia     [34m║[39m
[34m║[39m odio vitae vestibulum. Donec in efficitur leo. In hac habitasse platea       [34m║[39m
[34m║[39m dictumst. Proin dolor metus, pharetra in ipsum a, facilisis posuere velit.   [34m║[39m
[34m║[39m Quisque sit amet eros eu urna dignissim pharetra non id libero.              [34m║[39m
[34m║[39m                                                                              [34m║[39m
[34m║[39m Phasellus bibendum, odio nec tincidunt venenatis, velit orci bibendum augue, [34m║[39m
[34m║[39m  a molestie mi est eget tellus. Ut auctor aliquet felis a cursus. Vestibulum [34m║[39m
[34m║[39m  ante ipsum primis in faucibus orci luctus et ultrices posuere cubilia       [34m║[39m
[34m║[39m curae; Sed feugiat, velit nec gravida interdum, enim neque fringilla mi, at  [34m║[39m
[34m║[39m volutpat orci dui at metus. Aenean viverra auctor orci, eu mattis odio       [34m║[39m
[34m║[39m egestas a.                                                                   [34m║[39m
[34m║[39m                                                                              [34m║[39m
[34m║[39m Maecenas eleifend, sem eu lacinia cursus, orci risus semper urna, in feugiat [34m║[39m
[34m║[39m  metus nulla ac est. Duis eget risus in nunc sollicitudin facilisis at nec   [34m║[39m
[34m║[39m magna. Nam vel tincidunt mauris. Pellentesque habitant morbi tristique       [34m║[39m
[34m║[39m senectus et netus et malesuada fames ac turpis egestas. Vivamus convallis,   [34m║[39m
[34m║[39m diam ac porta tempus, justo libero aliquet augue, a eleifend libero elit eu  [34m║[39m
[34m║[39m nisi.                                                                        [34m║[39m
[34m║[39m                                                                              [34m║[39m
[34m╚══════════════════════════════════════════════════════════════════════════════╝[39m"
`;

exports[`padding-file:///var/home/lommi/Projects/island.is-pipes/libs/dom/src/elements/dialog.spec.tsx 1`] = `
"[34m╔══════════════════════════════════════════════════════════════════════════════╗[39m
[34m║[39m                                                                              [34m║[39m
[34m║[39m                                 [1m[44m[37m[*][39m[49m[22m  [1m[44m[37m  TEST  [39m[49m[22m                                [34m║[39m
[34m║[39m                                                                              [34m║[39m
[34m║[39m                                                                              [34m║[39m
[34m║[39m This is a message                                                            [34m║[39m
[34m║[39m                                                                              [34m║[39m
[34m╚══════════════════════════════════════════════════════════════════════════════╝[39m"
`;

exports[`render-file:///var/home/lommi/Projects/island.is-pipes/libs/dom/src/elements/dialog.spec.tsx 1`] = `
"[34m╔══════════════════════════════════════════════════════════════════════════════╗[39m
[34m║[39m                                                                              [34m║[39m
[34m║[39m                                 [1m[44m[37m[*][39m[49m[22m  [1m[44m[37m  TEST  [39m[49m[22m                                [34m║[39m
[34m║[39m                                                                              [34m║[39m
[34m║[39m                                                                              [34m║[39m
[34m║[39m This is a message                                                            [34m║[39m
[34m║[39m                                                                              [34m║[39m
[34m╚══════════════════════════════════════════════════════════════════════════════╝[39m"
`;
