// Jest Snapshot v1, https://goo.gl/fbAQLP

exports[`render multiple line 1`] = `
"  [1m[41m[37m[!][39m[49m[22m [1m[41m[37m  FAILURE[39m[49m[22m
      [1m[41m[37m  [39m[49m[22m         Lorem ipsum dolor sit amet, consectetur adipiscing elit. Vivamus lacinia odio vitae vestibulum. Donec
                 in efficitur leo. In hac habitasse platea dictumst. Proin dolor metus, pharetra in ipsum a, facilisis
                 posuere velit. Quisque sit amet eros eu urna dignissim pharetra non id libero.

                 Phasellus bibendum, odio nec tincidunt venenatis, velit orci bibendum augue, a molestie mi est eget
                 tellus. Ut auctor aliquet felis a cursus. Vestibulum ante ipsum primis in faucibus orci luctus et
                 ultrices posuere cubilia curae; Sed feugiat, velit nec gravida interdum, enim neque fringilla mi, at
                 volutpat orci dui at metus. Aenean viverra auctor orci, eu mattis odio egestas a.

                 Maecenas eleifend, sem eu lacinia cursus, orci risus semper urna, in feugiat metus nulla ac est. Duis
                 eget risus in nunc sollicitudin facilisis at nec magna. Nam vel tincidunt mauris. Pellentesque
                 habitant morbi tristique senectus et netus et malesuada fames ac turpis egestas. Vivamus convallis,
                 diam ac porta tempus, justo libero aliquet augue, a eleifend libero elit eu nisi.
"
`;

exports[`render simple string 1`] = `"  [1m[41m[37m[!][39m[49m[22m [1m[41m[37m  FAILURE  [39m[49m[22m  Error mesage"`;
