// Jest Snapshot v1, https://goo.gl/fbAQLP

exports[`1 1`] = `""`;

exports[`2 1`] = `""`;

exports[`3 1`] = `""`;

exports[`4 1`] = `""`;

exports[`5 1`] = `""`;

exports[`6 1`] = `""`;

exports[`Five row 1`] = `""`;

exports[`Four row 1`] = `""`;

exports[`One row 1`] = `""`;

exports[`Six rows 1`] = `""`;

exports[`Three row 1`] = `""`;

exports[`Two row 1`] = `""`;
