// Jest Snapshot v1, https://goo.gl/fbAQLP

exports[`render simple timestamp 1`] = `""`;

exports[`render timestamp with american format 1`] = `""`;

exports[`render timestamp with custom format - only time 1`] = `""`;

exports[`render timestamp with custom format 1`] = `""`;

exports[`render timestamp with european format 1`] = `""`;

exports[`render timestamp with invalid format 1`] = `""`;

exports[`render timestamp with invalid time 1`] = `""`;

exports[`render timestamp with iso format 1`] = `""`;
